(node:39028) Warning: SECURITY WARNING: The SSL modes 'prefer', 'require', and 'verify-ca' are treated as aliases for 'verify-full'.
In the next major version (pg-connection-string v3.0.0 and pg v9.0.0), these modes will adopt standard libpq semantics, which have weaker security guarantees.

To prepare for this change:
- If you want the current behavior, explicitly use 'sslmode=verify-full'
- If you want libpq compatibility now, use 'uselibpqcompat=true&sslmode=require'

See https://www.postgresql.org/docs/current/libpq-ssl.html for libpq SSL mode definitions.
(Use `node --trace-warnings ...` to show where the warning was created)
Error: getaddrinfo ENOTFOUND ep-shy-hat-a7rylzl2-pooler.ap-southeast-2.aws.neon.tech
    at D:\memari_soft\al_ameen_backend_new\node_modules\pg-pool\index.js:45:11
    at process.processTicksAndRejections (node:internal/process/task_queues:104:5)
    at async D:\memari_soft\al_ameen_backend_new\src\routes\systemAdmin.js:2:98 {
  errno: -3008,
  code: 'ENOTFOUND',
  syscall: 'getaddrinfo',
  hostname: 'ep-shy-hat-a7rylzl2-pooler.ap-southeast-2.aws.neon.tech'
}
Error: getaddrinfo ENOTFOUND ep-shy-hat-a7rylzl2-pooler.ap-southeast-2.aws.neon.tech
    at D:\memari_soft\al_ameen_backend_new\node_modules\pg-pool\index.js:45:11
    at process.processTicksAndRejections (node:internal/process/task_queues:104:5)
    at async D:\memari_soft\al_ameen_backend_new\src\routes\systemAdmin.js:6:88 {
  errno: -3008,
  code: 'ENOTFOUND',
  syscall: 'getaddrinfo',
  hostname: 'ep-shy-hat-a7rylzl2-pooler.ap-southeast-2.aws.neon.tech'
}
