Starting project at D:\memari_soft\al_ameen_khadija_memari_old
Using src/app as the root directory for Expo Router.
React Compiler enabled
Starting Metro Bundler

warning: Bundler cache is empty, rebuilding (this may take a minute)
Waiting on http://localhost:8081

An update for expo is available: 57.0.25 → ~57.0.26
4 other packages may need updating. Run npx expo install --check for details.
Logs for your project will appear below.
| (node:40572) Warning: The 'NO_COLOR' env is ignored due to the 'FORCE_COLOR' env being set.
| (Use `node --trace-warnings ...` to show where the warning was created)
| (node:40572) Warning: The 'NO_COLOR' env is ignored due to the 'FORCE_COLOR' env being set.
| (Use `node --trace-warnings ...` to show where the warning was created)
| (node:40572) Warning: The 'NO_COLOR' env is ignored due to the 'FORCE_COLOR' env being set.
| (Use `node --trace-warnings ...` to show where the warning was created)
| (node:40572) Warning: The 'NO_COLOR' env is ignored due to the 'FORCE_COLOR' env being set.
| (Use `node --trace-warnings ...` to show where the warning was created)
| (node:40572) Warning: The 'NO_COLOR' env is ignored due to the 'FORCE_COLOR' env being set.
| (Use `node --trace-warnings ...` to show where the warning was created)
| (node:40572) Warning: The 'NO_COLOR' env is ignored due to the 'FORCE_COLOR' env being set.
| (Use `node --trace-warnings ...` to show where the warning was created)
Web Bundled 33956ms node_modules\expo-router\entry.js (947 modules)
λ Bundled 34359ms node_modules\expo\node_modules\@expo\cli\node_modules\@expo\router-server\node\render.js (999 modules)
Web Bundled 15732ms node_modules\expo-router\entry.js (947 modules)
Web  INFO  %cDownload the React DevTools for a better development experience: https://react.dev/link/react-devtools font-weight:bold
Web  LOG  Running application "main" with appParams:
 {"hydrate": undefined, "rootTag": "#root"} 
Development-level warnings: ON.
Performance optimizations: OFF.
Web  WARN  props.pointerEvents is deprecated. Use style.pointerEvents
Web  ERROR  [TypeError: Image.default.resolveAssetSource is not a function] 

Code: gate-pass.tsx
[0m [90m 10 |[39m [36mconst[39m now[33m=[39m()[33m=>[39m{[36mconst[39m d[33m=[39m[36mnew[39m [33mDate[39m()[33m,[39mz[33m=[39m(n[33m:[39mnumber)[33m=>[39m[33mString[39m(n)[33m.[39mpadStart([35m2[39m[33m,[39m[32m'0'[39m)[33m;[39m[36mreturn[39m d[33m.[39mgetFullYear()[33m+[39m[32m'-'[39m[33m+[39mz(d[33m.[39mgetMonth()[33m+[39m[35m1[39m)[33m+[39m[32m'-'[39m[33m+[39mz(d[33m.[39mgetDate())[33m+[39m[32m'T'[39m[33m+[39mz(d[33m.[39mgetHours())[33m+[39m[32m':'[39m[33m+[39mz(d[33m.[39mgetMinutes())}[33m;[39m
 [90m 11 |[39m [36mconst[39m blank[33m=[39m()[33m=>[39m({reason[33m:[39m[32m''[39m[33m,[39mdeparture_at[33m:[39mnow()[33m,[39mexpected_return_at[33m:[39m[32m''[39m[33m,[39mlate_note[33m:[39m[32m''[39m})[33m;[39m
[31m[1m>[22m[39m[90m 12 |[39m [36mconst[39m logoUri[33m=[39m[33mImage[39m[33m.[39mresolveAssetSource(require([32m'../../assets/images/al-ameen-logo.jpg'[39m))[33m.[39muri[33m;[39m
 [90m    |[39m                     [31m[1m^[22m[39m
 [90m 13 |[39m [36mexport[39m [36mdefault[39m [36mfunction[39m [33mGatePass[39m(){[36mconst[39m router[33m=[39museRouter()[33m,[39m[tab[33m,[39msetTab][33m=[39museState([32m'generate'[39m)[33m,[39m[reg[33m,[39msetReg][33m=[39museState([32m''[39m)[33m,[39m[student[33m,[39msetStudent][33m=[39museState[33m<[39m[33many[39m[33m>[39m([36mnull[39m)[33m,[39m[form[33m,[39msetForm][33m=[39museState[33m<[39m[33many[39m[33m>[39m(blank())[33m,[39m[bulkClass[33m,[39msetBulkClass][33m=[39museState([32m''[39m)[33m,[39m[list[33m,[39msetList][33m=[39museState[33m<[39m[33many[39m[][33m>[39m([])[33m,[39m[status[33m,[39msetStatus][33m=[39museState([32m'pending'[39m)[33m,[39m[year[33m,[39msetYear][33m=[39museState([33mString[39m([36mnew[39m [33mDate[39m()[33m.[39mgetFullYear()))[33m,[39m[className[33m,[39msetClassName][33m=[39museState([32m''[39m)[33m,[39m[query[33m,[39msetQuery][33m=[39museState([32m''[39m)[33m,[39m[loading[33m,[39msetLoading][33m=[39museState([36mfalse[39m)[33m,[39m[executeCode[33m,[39msetExecuteCode][33m=[39museState([32m''[39m)[33m;[39m
 [90m 14 |[39m useEffect(()[33m=>[39m{[36mvoid[39m load()}[33m,[39m[status[33m,[39myear[33m,[39mclassName])[33m;[39m[36masync[39m [36mfunction[39m load(){[36mtry[39m{[36mconst[39m d[33m=[39m[36mawait[39m api([32m'/api/gate-passes?year='[39m[33m+[39myear[33m+[39m[32m'&status='[39m[33m+[39mstatus[33m+[39m(className[33m?[39m[32m'&class_name='[39m[33m+[39mencodeURIComponent(className)[33m:[39m[32m''[39m)[33m+[39m(query[33m?[39m[32m'&q='[39m[33m+[39mencodeURIComponent(query)[33m:[39m[32m''[39m))[33m;[39msetList(d[33m.[39mgate_passes[33m||[39m[])}[36mcatch[39m(e[33m:[39many){[33mAlert[39m[33m.[39malert([32m'Gate Pass'[39m[33m,[39me[33m.[39mmessage)}}
 [90m 15 |[39m [36masync[39m [36mfunction[39m search(){[36mif[39m([33m![39mreg[33m.[39mtrim())[36mreturn[39m[33m;[39msetLoading([36mtrue[39m)[33m;[39m[36mtry[39m{[36mconst[39m d[33m=[39m[36mawait[39m api([32m'/api/gate-passes/student/'[39m[33m+[39mencodeURIComponent(reg[33m.[39mtrim()))[33m;[39msetStudent(d[33m.[39mstudent)}[36mcatch[39m(e[33m:[39many){setStudent([36mnull[39m)[33m;[39m[33mAlert[39m[33m.[39malert([32m'Search'[39m[33m,[39me[33m.[39mmessage)}[36mfinally[39m{setLoading([36mfalse[39m)}}[0m
Call Stack
  <global> (src\app\gate-pass.tsx:12:21)
λ Bundled 4721ms node_modules\expo\node_modules\@expo\cli\node_modules\@expo\router-server\node\render.js (1 module)

Metro error: Image.default.resolveAssetSource is not a function

  TypeError: Image.default.resolveAssetSource is not a function
    at D:/memari_soft/al_ameen_khadija_memari_old/node_modules/expo/node_modules/@expo/cli/node_modules/@expo/router-server/node/render.js.bundle?platform=web&dev=true&hot=false&transform.engine=hermes&transform.routerRoot=src%2Fapp&resolver.environment=node&transform.environment=node&unstable_transformProfile=hermes-stable:103002:33
    at loadModuleImplementation (D:/memari_soft/al_ameen_khadija_memari_old/node_modules/expo/node_modules/@expo/cli/node_modules/@expo/router-server/node/render.js.bundle?platform=web&dev=true&hot=false&transform.engine=hermes&transform.routerRoot=src%2Fapp&resolver.environment=node&transform.environment=node&unstable_transformProfile=hermes-stable:263:7)
    at guardedLoadModule (D:/memari_soft/al_ameen_khadija_memari_old/node_modules/expo/node_modules/@expo/cli/node_modules/@expo/router-server/node/render.js.bundle?platform=web&dev=true&hot=false&transform.engine=hermes&transform.routerRoot=src%2Fapp&resolver.environment=node&transform.environment=node&unstable_transformProfile=hermes-stable:162:23)
    at metroRequire (D:/memari_soft/al_ameen_khadija_memari_old/node_modules/expo/node_modules/@expo/cli/node_modules/@expo/router-server/node/render.js.bundle?platform=web&dev=true&hot=false&transform.engine=hermes&transform.routerRoot=src%2Fapp&resolver.environment=node&transform.environment=node&unstable_transformProfile=hermes-stable:89:75)
    at Object.get [as ./gate-pass.tsx] (D:/memari_soft/al_ameen_khadija_memari_old/node_modules/expo/node_modules/@expo/cli/node_modules/@expo/router-server/node/render.js.bundle?platform=web&dev=true&hot=false&transform.engine=hermes&transform.routerRoot=src%2Fapp&resolver.environment=node&transform.environment=node&unstable_transformProfile=hermes-stable:23808:16)
    at metroContext (D:/memari_soft/al_ameen_khadija_memari_old/node_modules/expo/node_modules/@expo/cli/node_modules/@expo/router-server/node/render.js.bundle?platform=web&dev=true&hot=false&transform.engine=hermes&transform.routerRoot=src%2Fapp&resolver.environment=node&transform.environment=node&unstable_transformProfile=hermes-stable:23921:15)
    at Object.loadRoute (D:/memari_soft/al_ameen_khadija_memari_old/node_modules/expo/node_modules/@expo/cli/node_modules/@expo/router-server/node/render.js.bundle?platform=web&dev=true&hot=false&transform.engine=hermes&transform.routerRoot=src%2Fapp&resolver.environment=node&transform.environment=node&unstable_transformProfile=hermes-stable:86813:27)
    at runtimeValidateRouteNode (D:/memari_soft/al_ameen_khadija_memari_old/node_modules/expo/node_modules/@expo/cli/node_modules/@expo/router-server/node/render.js.bundle?platform=web&dev=true&hot=false&transform.engine=hermes&transform.routerRoot=src%2Fapp&resolver.environment=node&transform.environment=node&unstable_transformProfile=hermes-stable:87068:30)
    at validateRouteTreeExports (D:/memari_soft/al_ameen_khadija_memari_old/node_modules/expo/node_modules/@expo/cli/node_modules/@expo/router-server/node/render.js.bundle?platform=web&dev=true&hot=false&transform.engine=hermes&transform.routerRoot=src%2Fapp&resolver.environment=node&transform.environment=node&unstable_transformProfile=hermes-stable:87079:5)
    at validateRouteTreeExports (D:/memari_soft/al_ameen_khadija_memari_old/node_modules/expo/node_modules/@expo/cli/node_modules/@expo/router-server/node/render.js.bundle?platform=web&dev=true&hot=false&transform.engine=hermes&transform.routerRoot=src%2Fapp&resolver.environment=node&transform.environment=node&unstable_transformProfile=hermes-stable:87081:7)
Web Bundled 5616ms node_modules\expo-router\entry.js (1 module)
Web Bundled 5127ms .expo\static-tmp\_error.js (133 modules)
λ Bundled 2209ms node_modules\expo\node_modules\@expo\cli\node_modules\@expo\router-server\node\render.js (1 module)

Metro error: Image.default.resolveAssetSource is not a function

  TypeError: Image.default.resolveAssetSource is not a function
    at D:/memari_soft/al_ameen_khadija_memari_old/node_modules/expo/node_modules/@expo/cli/node_modules/@expo/router-server/node/render.js.bundle?platform=web&dev=true&hot=false&transform.engine=hermes&transform.routerRoot=src%2Fapp&resolver.environment=node&transform.environment=node&unstable_transformProfile=hermes-stable:103002:33
    at loadModuleImplementation (D:/memari_soft/al_ameen_khadija_memari_old/node_modules/expo/node_modules/@expo/cli/node_modules/@expo/router-server/node/render.js.bundle?platform=web&dev=true&hot=false&transform.engine=hermes&transform.routerRoot=src%2Fapp&resolver.environment=node&transform.environment=node&unstable_transformProfile=hermes-stable:263:7)
    at guardedLoadModule (D:/memari_soft/al_ameen_khadija_memari_old/node_modules/expo/node_modules/@expo/cli/node_modules/@expo/router-server/node/render.js.bundle?platform=web&dev=true&hot=false&transform.engine=hermes&transform.routerRoot=src%2Fapp&resolver.environment=node&transform.environment=node&unstable_transformProfile=hermes-stable:162:23)
    at metroRequire (D:/memari_soft/al_ameen_khadija_memari_old/node_modules/expo/node_modules/@expo/cli/node_modules/@expo/router-server/node/render.js.bundle?platform=web&dev=true&hot=false&transform.engine=hermes&transform.routerRoot=src%2Fapp&resolver.environment=node&transform.environment=node&unstable_transformProfile=hermes-stable:89:75)
    at Object.get [as ./gate-pass.tsx] (D:/memari_soft/al_ameen_khadija_memari_old/node_modules/expo/node_modules/@expo/cli/node_modules/@expo/router-server/node/render.js.bundle?platform=web&dev=true&hot=false&transform.engine=hermes&transform.routerRoot=src%2Fapp&resolver.environment=node&transform.environment=node&unstable_transformProfile=hermes-stable:23808:16)
    at metroContext (D:/memari_soft/al_ameen_khadija_memari_old/node_modules/expo/node_modules/@expo/cli/node_modules/@expo/router-server/node/render.js.bundle?platform=web&dev=true&hot=false&transform.engine=hermes&transform.routerRoot=src%2Fapp&resolver.environment=node&transform.environment=node&unstable_transformProfile=hermes-stable:23921:15)
    at Object.loadRoute (D:/memari_soft/al_ameen_khadija_memari_old/node_modules/expo/node_modules/@expo/cli/node_modules/@expo/router-server/node/render.js.bundle?platform=web&dev=true&hot=false&transform.engine=hermes&transform.routerRoot=src%2Fapp&resolver.environment=node&transform.environment=node&unstable_transformProfile=hermes-stable:86813:27)
    at runtimeValidateRouteNode (D:/memari_soft/al_ameen_khadija_memari_old/node_modules/expo/node_modules/@expo/cli/node_modules/@expo/router-server/node/render.js.bundle?platform=web&dev=true&hot=false&transform.engine=hermes&transform.routerRoot=src%2Fapp&resolver.environment=node&transform.environment=node&unstable_transformProfile=hermes-stable:87068:30)
    at validateRouteTreeExports (D:/memari_soft/al_ameen_khadija_memari_old/node_modules/expo/node_modules/@expo/cli/node_modules/@expo/router-server/node/render.js.bundle?platform=web&dev=true&hot=false&transform.engine=hermes&transform.routerRoot=src%2Fapp&resolver.environment=node&transform.environment=node&unstable_transformProfile=hermes-stable:87079:5)
    at validateRouteTreeExports (D:/memari_soft/al_ameen_khadija_memari_old/node_modules/expo/node_modules/@expo/cli/node_modules/@expo/router-server/node/render.js.bundle?platform=web&dev=true&hot=false&transform.engine=hermes&transform.routerRoot=src%2Fapp&resolver.environment=node&transform.environment=node&unstable_transformProfile=hermes-stable:87081:7)
Web Bundled 2975ms node_modules\expo-router\entry.js (1 module)
Web Bundled 416ms .expo\static-tmp\_error.js (1 module)
λ Bundled 83ms node_modules\expo\node_modules\@expo\cli\node_modules\@expo\router-server\node\render.js (1 module)

Metro error: Image.default.resolveAssetSource is not a function

  TypeError: Image.default.resolveAssetSource is not a function
    at D:/memari_soft/al_ameen_khadija_memari_old/node_modules/expo/node_modules/@expo/cli/node_modules/@expo/router-server/node/render.js.bundle?platform=web&dev=true&hot=false&transform.engine=hermes&transform.routerRoot=src%2Fapp&resolver.environment=node&transform.environment=node&unstable_transformProfile=hermes-stable:103002:33
    at loadModuleImplementation (D:/memari_soft/al_ameen_khadija_memari_old/node_modules/expo/node_modules/@expo/cli/node_modules/@expo/router-server/node/render.js.bundle?platform=web&dev=true&hot=false&transform.engine=hermes&transform.routerRoot=src%2Fapp&resolver.environment=node&transform.environment=node&unstable_transformProfile=hermes-stable:263:7)
    at guardedLoadModule (D:/memari_soft/al_ameen_khadija_memari_old/node_modules/expo/node_modules/@expo/cli/node_modules/@expo/router-server/node/render.js.bundle?platform=web&dev=true&hot=false&transform.engine=hermes&transform.routerRoot=src%2Fapp&resolver.environment=node&transform.environment=node&unstable_transformProfile=hermes-stable:162:23)
    at metroRequire (D:/memari_soft/al_ameen_khadija_memari_old/node_modules/expo/node_modules/@expo/cli/node_modules/@expo/router-server/node/render.js.bundle?platform=web&dev=true&hot=false&transform.engine=hermes&transform.routerRoot=src%2Fapp&resolver.environment=node&transform.environment=node&unstable_transformProfile=hermes-stable:89:75)
    at Object.get [as ./gate-pass.tsx] (D:/memari_soft/al_ameen_khadija_memari_old/node_modules/expo/node_modules/@expo/cli/node_modules/@expo/router-server/node/render.js.bundle?platform=web&dev=true&hot=false&transform.engine=hermes&transform.routerRoot=src%2Fapp&resolver.environment=node&transform.environment=node&unstable_transformProfile=hermes-stable:23808:16)
    at metroContext (D:/memari_soft/al_ameen_khadija_memari_old/node_modules/expo/node_modules/@expo/cli/node_modules/@expo/router-server/node/render.js.bundle?platform=web&dev=true&hot=false&transform.engine=hermes&transform.routerRoot=src%2Fapp&resolver.environment=node&transform.environment=node&unstable_transformProfile=hermes-stable:23921:15)
    at Object.loadRoute (D:/memari_soft/al_ameen_khadija_memari_old/node_modules/expo/node_modules/@expo/cli/node_modules/@expo/router-server/node/render.js.bundle?platform=web&dev=true&hot=false&transform.engine=hermes&transform.routerRoot=src%2Fapp&resolver.environment=node&transform.environment=node&unstable_transformProfile=hermes-stable:86813:27)
    at runtimeValidateRouteNode (D:/memari_soft/al_ameen_khadija_memari_old/node_modules/expo/node_modules/@expo/cli/node_modules/@expo/router-server/node/render.js.bundle?platform=web&dev=true&hot=false&transform.engine=hermes&transform.routerRoot=src%2Fapp&resolver.environment=node&transform.environment=node&unstable_transformProfile=hermes-stable:87068:30)
    at validateRouteTreeExports (D:/memari_soft/al_ameen_khadija_memari_old/node_modules/expo/node_modules/@expo/cli/node_modules/@expo/router-server/node/render.js.bundle?platform=web&dev=true&hot=false&transform.engine=hermes&transform.routerRoot=src%2Fapp&resolver.environment=node&transform.environment=node&unstable_transformProfile=hermes-stable:87079:5)
    at validateRouteTreeExports (D:/memari_soft/al_ameen_khadija_memari_old/node_modules/expo/node_modules/@expo/cli/node_modules/@expo/router-server/node/render.js.bundle?platform=web&dev=true&hot=false&transform.engine=hermes&transform.routerRoot=src%2Fapp&resolver.environment=node&transform.environment=node&unstable_transformProfile=hermes-stable:87081:7)
Web Bundled 879ms node_modules\expo-router\entry.js (1 module)
Web Bundled 274ms .expo\static-tmp\_error.js (1 module)
λ Bundled 29ms node_modules\expo\node_modules\@expo\cli\node_modules\@expo\router-server\node\render.js (1 module)

Metro error: Image.default.resolveAssetSource is not a function

  TypeError: Image.default.resolveAssetSource is not a function
    at D:/memari_soft/al_ameen_khadija_memari_old/node_modules/expo/node_modules/@expo/cli/node_modules/@expo/router-server/node/render.js.bundle?platform=web&dev=true&hot=false&transform.engine=hermes&transform.routerRoot=src%2Fapp&resolver.environment=node&transform.environment=node&unstable_transformProfile=hermes-stable:103002:33
    at loadModuleImplementation (D:/memari_soft/al_ameen_khadija_memari_old/node_modules/expo/node_modules/@expo/cli/node_modules/@expo/router-server/node/render.js.bundle?platform=web&dev=true&hot=false&transform.engine=hermes&transform.routerRoot=src%2Fapp&resolver.environment=node&transform.environment=node&unstable_transformProfile=hermes-stable:263:7)
    at guardedLoadModule (D:/memari_soft/al_ameen_khadija_memari_old/node_modules/expo/node_modules/@expo/cli/node_modules/@expo/router-server/node/render.js.bundle?platform=web&dev=true&hot=false&transform.engine=hermes&transform.routerRoot=src%2Fapp&resolver.environment=node&transform.environment=node&unstable_transformProfile=hermes-stable:162:23)
    at metroRequire (D:/memari_soft/al_ameen_khadija_memari_old/node_modules/expo/node_modules/@expo/cli/node_modules/@expo/router-server/node/render.js.bundle?platform=web&dev=true&hot=false&transform.engine=hermes&transform.routerRoot=src%2Fapp&resolver.environment=node&transform.environment=node&unstable_transformProfile=hermes-stable:89:75)
    at Object.get [as ./gate-pass.tsx] (D:/memari_soft/al_ameen_khadija_memari_old/node_modules/expo/node_modules/@expo/cli/node_modules/@expo/router-server/node/render.js.bundle?platform=web&dev=true&hot=false&transform.engine=hermes&transform.routerRoot=src%2Fapp&resolver.environment=node&transform.environment=node&unstable_transformProfile=hermes-stable:23808:16)
    at metroContext (D:/memari_soft/al_ameen_khadija_memari_old/node_modules/expo/node_modules/@expo/cli/node_modules/@expo/router-server/node/render.js.bundle?platform=web&dev=true&hot=false&transform.engine=hermes&transform.routerRoot=src%2Fapp&resolver.environment=node&transform.environment=node&unstable_transformProfile=hermes-stable:23921:15)
    at Object.loadRoute (D:/memari_soft/al_ameen_khadija_memari_old/node_modules/expo/node_modules/@expo/cli/node_modules/@expo/router-server/node/render.js.bundle?platform=web&dev=true&hot=false&transform.engine=hermes&transform.routerRoot=src%2Fapp&resolver.environment=node&transform.environment=node&unstable_transformProfile=hermes-stable:86813:27)
    at runtimeValidateRouteNode (D:/memari_soft/al_ameen_khadija_memari_old/node_modules/expo/node_modules/@expo/cli/node_modules/@expo/router-server/node/render.js.bundle?platform=web&dev=true&hot=false&transform.engine=hermes&transform.routerRoot=src%2Fapp&resolver.environment=node&transform.environment=node&unstable_transformProfile=hermes-stable:87068:30)
    at validateRouteTreeExports (D:/memari_soft/al_ameen_khadija_memari_old/node_modules/expo/node_modules/@expo/cli/node_modules/@expo/router-server/node/render.js.bundle?platform=web&dev=true&hot=false&transform.engine=hermes&transform.routerRoot=src%2Fapp&resolver.environment=node&transform.environment=node&unstable_transformProfile=hermes-stable:87079:5)
    at validateRouteTreeExports (D:/memari_soft/al_ameen_khadija_memari_old/node_modules/expo/node_modules/@expo/cli/node_modules/@expo/router-server/node/render.js.bundle?platform=web&dev=true&hot=false&transform.engine=hermes&transform.routerRoot=src%2Fapp&resolver.environment=node&transform.environment=node&unstable_transformProfile=hermes-stable:87081:7)
Web Bundled 707ms node_modules\expo-router\entry.js (1 module)
Web Bundled 262ms .expo\static-tmp\_error.js (1 module)
λ Bundled 24ms node_modules\expo\node_modules\@expo\cli\node_modules\@expo\router-server\node\render.js (1 module)

Metro error: Image.default.resolveAssetSource is not a function

  TypeError: Image.default.resolveAssetSource is not a function
    at D:/memari_soft/al_ameen_khadija_memari_old/node_modules/expo/node_modules/@expo/cli/node_modules/@expo/router-server/node/render.js.bundle?platform=web&dev=true&hot=false&transform.engine=hermes&transform.routerRoot=src%2Fapp&resolver.environment=node&transform.environment=node&unstable_transformProfile=hermes-stable:103002:33
    at loadModuleImplementation (D:/memari_soft/al_ameen_khadija_memari_old/node_modules/expo/node_modules/@expo/cli/node_modules/@expo/router-server/node/render.js.bundle?platform=web&dev=true&hot=false&transform.engine=hermes&transform.routerRoot=src%2Fapp&resolver.environment=node&transform.environment=node&unstable_transformProfile=hermes-stable:263:7)
    at guardedLoadModule (D:/memari_soft/al_ameen_khadija_memari_old/node_modules/expo/node_modules/@expo/cli/node_modules/@expo/router-server/node/render.js.bundle?platform=web&dev=true&hot=false&transform.engine=hermes&transform.routerRoot=src%2Fapp&resolver.environment=node&transform.environment=node&unstable_transformProfile=hermes-stable:162:23)
    at metroRequire (D:/memari_soft/al_ameen_khadija_memari_old/node_modules/expo/node_modules/@expo/cli/node_modules/@expo/router-server/node/render.js.bundle?platform=web&dev=true&hot=false&transform.engine=hermes&transform.routerRoot=src%2Fapp&resolver.environment=node&transform.environment=node&unstable_transformProfile=hermes-stable:89:75)
    at Object.get [as ./gate-pass.tsx] (D:/memari_soft/al_ameen_khadija_memari_old/node_modules/expo/node_modules/@expo/cli/node_modules/@expo/router-server/node/render.js.bundle?platform=web&dev=true&hot=false&transform.engine=hermes&transform.routerRoot=src%2Fapp&resolver.environment=node&transform.environment=node&unstable_transformProfile=hermes-stable:23808:16)
    at metroContext (D:/memari_soft/al_ameen_khadija_memari_old/node_modules/expo/node_modules/@expo/cli/node_modules/@expo/router-server/node/render.js.bundle?platform=web&dev=true&hot=false&transform.engine=hermes&transform.routerRoot=src%2Fapp&resolver.environment=node&transform.environment=node&unstable_transformProfile=hermes-stable:23921:15)
    at Object.loadRoute (D:/memari_soft/al_ameen_khadija_memari_old/node_modules/expo/node_modules/@expo/cli/node_modules/@expo/router-server/node/render.js.bundle?platform=web&dev=true&hot=false&transform.engine=hermes&transform.routerRoot=src%2Fapp&resolver.environment=node&transform.environment=node&unstable_transformProfile=hermes-stable:86813:27)
    at runtimeValidateRouteNode (D:/memari_soft/al_ameen_khadija_memari_old/node_modules/expo/node_modules/@expo/cli/node_modules/@expo/router-server/node/render.js.bundle?platform=web&dev=true&hot=false&transform.engine=hermes&transform.routerRoot=src%2Fapp&resolver.environment=node&transform.environment=node&unstable_transformProfile=hermes-stable:87068:30)
    at validateRouteTreeExports (D:/memari_soft/al_ameen_khadija_memari_old/node_modules/expo/node_modules/@expo/cli/node_modules/@expo/router-server/node/render.js.bundle?platform=web&dev=true&hot=false&transform.engine=hermes&transform.routerRoot=src%2Fapp&resolver.environment=node&transform.environment=node&unstable_transformProfile=hermes-stable:87079:5)
    at validateRouteTreeExports (D:/memari_soft/al_ameen_khadija_memari_old/node_modules/expo/node_modules/@expo/cli/node_modules/@expo/router-server/node/render.js.bundle?platform=web&dev=true&hot=false&transform.engine=hermes&transform.routerRoot=src%2Fapp&resolver.environment=node&transform.environment=node&unstable_transformProfile=hermes-stable:87081:7)
Web Bundled 674ms node_modules\expo-router\entry.js (1 module)
Web Bundled 307ms .expo\static-tmp\_error.js (1 module)
λ Bundled 19ms node_modules\expo\node_modules\@expo\cli\node_modules\@expo\router-server\node\render.js (1 module)

Metro error: Image.default.resolveAssetSource is not a function

  TypeError: Image.default.resolveAssetSource is not a function
    at D:/memari_soft/al_ameen_khadija_memari_old/node_modules/expo/node_modules/@expo/cli/node_modules/@expo/router-server/node/render.js.bundle?platform=web&dev=true&hot=false&transform.engine=hermes&transform.routerRoot=src%2Fapp&resolver.environment=node&transform.environment=node&unstable_transformProfile=hermes-stable:103002:33
    at loadModuleImplementation (D:/memari_soft/al_ameen_khadija_memari_old/node_modules/expo/node_modules/@expo/cli/node_modules/@expo/router-server/node/render.js.bundle?platform=web&dev=true&hot=false&transform.engine=hermes&transform.routerRoot=src%2Fapp&resolver.environment=node&transform.environment=node&unstable_transformProfile=hermes-stable:263:7)
    at guardedLoadModule (D:/memari_soft/al_ameen_khadija_memari_old/node_modules/expo/node_modules/@expo/cli/node_modules/@expo/router-server/node/render.js.bundle?platform=web&dev=true&hot=false&transform.engine=hermes&transform.routerRoot=src%2Fapp&resolver.environment=node&transform.environment=node&unstable_transformProfile=hermes-stable:162:23)
    at metroRequire (D:/memari_soft/al_ameen_khadija_memari_old/node_modules/expo/node_modules/@expo/cli/node_modules/@expo/router-server/node/render.js.bundle?platform=web&dev=true&hot=false&transform.engine=hermes&transform.routerRoot=src%2Fapp&resolver.environment=node&transform.environment=node&unstable_transformProfile=hermes-stable:89:75)
    at Object.get [as ./gate-pass.tsx] (D:/memari_soft/al_ameen_khadija_memari_old/node_modules/expo/node_modules/@expo/cli/node_modules/@expo/router-server/node/render.js.bundle?platform=web&dev=true&hot=false&transform.engine=hermes&transform.routerRoot=src%2Fapp&resolver.environment=node&transform.environment=node&unstable_transformProfile=hermes-stable:23808:16)
    at metroContext (D:/memari_soft/al_ameen_khadija_memari_old/node_modules/expo/node_modules/@expo/cli/node_modules/@expo/router-server/node/render.js.bundle?platform=web&dev=true&hot=false&transform.engine=hermes&transform.routerRoot=src%2Fapp&resolver.environment=node&transform.environment=node&unstable_transformProfile=hermes-stable:23921:15)
    at Object.loadRoute (D:/memari_soft/al_ameen_khadija_memari_old/node_modules/expo/node_modules/@expo/cli/node_modules/@expo/router-server/node/render.js.bundle?platform=web&dev=true&hot=false&transform.engine=hermes&transform.routerRoot=src%2Fapp&resolver.environment=node&transform.environment=node&unstable_transformProfile=hermes-stable:86813:27)
    at runtimeValidateRouteNode (D:/memari_soft/al_ameen_khadija_memari_old/node_modules/expo/node_modules/@expo/cli/node_modules/@expo/router-server/node/render.js.bundle?platform=web&dev=true&hot=false&transform.engine=hermes&transform.routerRoot=src%2Fapp&resolver.environment=node&transform.environment=node&unstable_transformProfile=hermes-stable:87068:30)
    at validateRouteTreeExports (D:/memari_soft/al_ameen_khadija_memari_old/node_modules/expo/node_modules/@expo/cli/node_modules/@expo/router-server/node/render.js.bundle?platform=web&dev=true&hot=false&transform.engine=hermes&transform.routerRoot=src%2Fapp&resolver.environment=node&transform.environment=node&unstable_transformProfile=hermes-stable:87079:5)
    at validateRouteTreeExports (D:/memari_soft/al_ameen_khadija_memari_old/node_modules/expo/node_modules/@expo/cli/node_modules/@expo/router-server/node/render.js.bundle?platform=web&dev=true&hot=false&transform.engine=hermes&transform.routerRoot=src%2Fapp&resolver.environment=node&transform.environment=node&unstable_transformProfile=hermes-stable:87081:7)
Web Bundled 562ms node_modules\expo-router\entry.js (1 module)
