Starting project at D:\memari_soft\al_ameen_khadija_memari_old
Using src/app as the root directory for Expo Router.
React Compiler enabled
Starting Metro Bundler

Waiting on http://localhost:8081

An update for expo is available: 57.0.25 → ~57.0.26
4 other packages may need updating. Run npx expo install --check for details.
Logs for your project will appear below.
| (node:31444) Warning: The 'NO_COLOR' env is ignored due to the 'FORCE_COLOR' env being set.
| (Use `node --trace-warnings ...` to show where the warning was created)
| (node:31444) Warning: The 'NO_COLOR' env is ignored due to the 'FORCE_COLOR' env being set.
| (Use `node --trace-warnings ...` to show where the warning was created)
| (node:31444) Warning: The 'NO_COLOR' env is ignored due to the 'FORCE_COLOR' env being set.
| (Use `node --trace-warnings ...` to show where the warning was created)
| (node:31444) Warning: The 'NO_COLOR' env is ignored due to the 'FORCE_COLOR' env being set.
| (Use `node --trace-warnings ...` to show where the warning was created)
| (node:31444) Warning: The 'NO_COLOR' env is ignored due to the 'FORCE_COLOR' env being set.
| (Use `node --trace-warnings ...` to show where the warning was created)
| (node:31444) Warning: The 'NO_COLOR' env is ignored due to the 'FORCE_COLOR' env being set.
| (Use `node --trace-warnings ...` to show where the warning was created)
λ Bundled 2202ms node_modules\expo\node_modules\@expo\cli\node_modules\@expo\router-server\node\render.js (1085 modules)

Metro error: Image.default.resolveAssetSource is not a function

  TypeError: Image.default.resolveAssetSource is not a function
    at D:/memari_soft/al_ameen_khadija_memari_old/node_modules/expo/node_modules/@expo/cli/node_modules/@expo/router-server/node/render.js.bundle?platform=web&dev=true&hot=false&transform.engine=hermes&transform.routerRoot=src%2Fapp&resolver.environment=node&transform.environment=node&unstable_transformProfile=hermes-stable:116499:30
    at loadModuleImplementation (D:/memari_soft/al_ameen_khadija_memari_old/node_modules/expo/node_modules/@expo/cli/node_modules/@expo/router-server/node/render.js.bundle?platform=web&dev=true&hot=false&transform.engine=hermes&transform.routerRoot=src%2Fapp&resolver.environment=node&transform.environment=node&unstable_transformProfile=hermes-stable:263:7)
    at guardedLoadModule (D:/memari_soft/al_ameen_khadija_memari_old/node_modules/expo/node_modules/@expo/cli/node_modules/@expo/router-server/node/render.js.bundle?platform=web&dev=true&hot=false&transform.engine=hermes&transform.routerRoot=src%2Fapp&resolver.environment=node&transform.environment=node&unstable_transformProfile=hermes-stable:162:23)
    at metroRequire (D:/memari_soft/al_ameen_khadija_memari_old/node_modules/expo/node_modules/@expo/cli/node_modules/@expo/router-server/node/render.js.bundle?platform=web&dev=true&hot=false&transform.engine=hermes&transform.routerRoot=src%2Fapp&resolver.environment=node&transform.environment=node&unstable_transformProfile=hermes-stable:89:75)
    at Object.get [as ./id-cards.tsx] (D:/memari_soft/al_ameen_khadija_memari_old/node_modules/expo/node_modules/@expo/cli/node_modules/@expo/router-server/node/render.js.bundle?platform=web&dev=true&hot=false&transform.engine=hermes&transform.routerRoot=src%2Fapp&resolver.environment=node&transform.environment=node&unstable_transformProfile=hermes-stable:97403:16)
    at metroContext (D:/memari_soft/al_ameen_khadija_memari_old/node_modules/expo/node_modules/@expo/cli/node_modules/@expo/router-server/node/render.js.bundle?platform=web&dev=true&hot=false&transform.engine=hermes&transform.routerRoot=src%2Fapp&resolver.environment=node&transform.environment=node&unstable_transformProfile=hermes-stable:97534:15)
    at Object.loadRoute (D:/memari_soft/al_ameen_khadija_memari_old/node_modules/expo/node_modules/@expo/cli/node_modules/@expo/router-server/node/render.js.bundle?platform=web&dev=true&hot=false&transform.engine=hermes&transform.routerRoot=src%2Fapp&resolver.environment=node&transform.environment=node&unstable_transformProfile=hermes-stable:90738:27)
    at runtimeValidateRouteNode (D:/memari_soft/al_ameen_khadija_memari_old/node_modules/expo/node_modules/@expo/cli/node_modules/@expo/router-server/node/render.js.bundle?platform=web&dev=true&hot=false&transform.engine=hermes&transform.routerRoot=src%2Fapp&resolver.environment=node&transform.environment=node&unstable_transformProfile=hermes-stable:90993:30)
    at validateRouteTreeExports (D:/memari_soft/al_ameen_khadija_memari_old/node_modules/expo/node_modules/@expo/cli/node_modules/@expo/router-server/node/render.js.bundle?platform=web&dev=true&hot=false&transform.engine=hermes&transform.routerRoot=src%2Fapp&resolver.environment=node&transform.environment=node&unstable_transformProfile=hermes-stable:91004:5)
    at validateRouteTreeExports (D:/memari_soft/al_ameen_khadija_memari_old/node_modules/expo/node_modules/@expo/cli/node_modules/@expo/router-server/node/render.js.bundle?platform=web&dev=true&hot=false&transform.engine=hermes&transform.routerRoot=src%2Fapp&resolver.environment=node&transform.environment=node&unstable_transformProfile=hermes-stable:91006:7)
Web Bundled 2744ms node_modules\expo-router\entry.js (1015 modules)
Web Bundled 151ms node_modules\expo-router\entry.js (1 module)
λ Bundled 190ms node_modules\expo\node_modules\@expo\cli\node_modules\@expo\router-server\node\render.js (1 module)
λ Bundled 4259ms node_modules\expo\node_modules\@expo\cli\node_modules\@expo\router-server\node\render.js (1 module)
Web Bundled 4871ms node_modules\expo-router\entry.js (1 module)
